test file need to delete
